// Jest Snapshot v1, https://goo.gl/fbAQLP

exports[`snapshot test of topbar 1`] = `
<div
  className="top"
>
  <div
    className="topLeft"
  >
    <ul
      className="topList"
    >
      <li
        className="topListItem"
      >
        <a
          className="link"
          href="/help"
          onClick={[Function]}
        />
      </li>
    </ul>
  </div>
  <div
    className="topCenter"
  >
    <ul
      className="topList"
    >
      <li
        className="topListItem"
      >
        <a
          className="link"
          href="/home"
          onClick={[Function]}
        >
          HOME
        </a>
      </li>
      <li
        className="topListItem"
      >
        <a
          className="link"
          href="/about"
          onClick={[Function]}
        >
          ABOUT
        </a>
      </li>
      <li
        className="topListItem"
      >
        <a
          className="link"
          href="/contact"
          onClick={[Function]}
        >
          CONTACT
        </a>
      </li>
      <li
        className="topListItem"
      >
        <a
          className="feedbackLink"
          href="https://forms.gle/ZHC31AN9dQLJ6X5NA"
          target="_blank"
        >
          FEEDBACK
        </a>
      </li>
      <li
        className="topListItem"
      >
        <a
          className="link"
          href="/write"
          onClick={[Function]}
        >
          WRITE
        </a>
      </li>
      <li
        className="topListItem"
      >
        <a
          className="link"
          href="/stats"
          onClick={[Function]}
        >
          STATS
        </a>
      </li>
      <li
        className="topListItem"
        onClick={[Function]}
      >
        LOGOUT
      </li>
    </ul>
  </div>
  <div
    className="topRight"
  >
    <a
      href="/settings"
      onClick={[Function]}
    />
  </div>
</div>
`;
